test_authenticated_attributes_defeat_system_and_global_autocrlf (tests.test_generic_dag_v3_overlay.GenericDagV3OverlayTests.test_authenticated_attributes_defeat_system_and_global_autocrlf) ... ok
test_authenticated_gitattributes_rules_bind_and_cover_every_raw_path (tests.test_generic_dag_v3_overlay.GenericDagV3OverlayTests.test_authenticated_gitattributes_rules_bind_and_cover_every_raw_path) ... ok
test_authoring_authenticates_root_attributes_and_rejects_info_attributes_before_filters (tests.test_generic_dag_v3_overlay.GenericDagV3OverlayTests.test_authoring_authenticates_root_attributes_and_rejects_info_attributes_before_filters) ... ok
test_authoring_late_alternate_overlay_mutation_is_rejected (tests.test_generic_dag_v3_overlay.GenericDagV3OverlayTests.test_authoring_late_alternate_overlay_mutation_is_rejected) ... ok
test_authoring_late_nested_attributes_creation_is_rejected (tests.test_generic_dag_v3_overlay.GenericDagV3OverlayTests.test_authoring_late_nested_attributes_creation_is_rejected) ... ok
test_authoring_late_root_attributes_mutation_is_rejected (tests.test_generic_dag_v3_overlay.GenericDagV3OverlayTests.test_authoring_late_root_attributes_mutation_is_rejected) ... ok
test_authoring_mode_rejects_any_state_beyond_exact_seventeen_payload_paths (tests.test_generic_dag_v3_overlay.GenericDagV3OverlayTests.test_authoring_mode_rejects_any_state_beyond_exact_seventeen_payload_paths) ... ok
test_autopilot_snapshot_enforces_every_resource_bound (tests.test_generic_dag_v3_overlay.GenericDagV3OverlayTests.test_autopilot_snapshot_enforces_every_resource_bound) ... ok
test_ci_contract_retains_windows_python_312_and_314 (tests.test_generic_dag_v3_overlay.GenericDagV3OverlayTests.test_ci_contract_retains_windows_python_312_and_314) ... ok
test_committed_mode_rejects_detached_head_and_wrong_live_branch (tests.test_generic_dag_v3_overlay.GenericDagV3OverlayTests.test_committed_mode_rejects_detached_head_and_wrong_live_branch) ... ok
test_contract_topology_durability_ownership_effect_trace_and_quarantine_corruption (tests.test_generic_dag_v3_overlay.GenericDagV3OverlayTests.test_contract_topology_durability_ownership_effect_trace_and_quarantine_corruption) ... ok
test_default_mode_refuses_dirty_staged_and_other_untracked_state (tests.test_generic_dag_v3_overlay.GenericDagV3OverlayTests.test_default_mode_refuses_dirty_staged_and_other_untracked_state) ... ok
test_default_mode_refuses_precommit_extra_commit_wrong_parent_and_path_change (tests.test_generic_dag_v3_overlay.GenericDagV3OverlayTests.test_default_mode_refuses_precommit_extra_commit_wrong_parent_and_path_change) ... ok
test_default_mode_requires_exact_committed_payload_and_caller_manifest_binding (tests.test_generic_dag_v3_overlay.GenericDagV3OverlayTests.test_default_mode_requires_exact_committed_payload_and_caller_manifest_binding) ... ok
test_digest_mutation_between_calls_is_rejected_before_second_popen (tests.test_generic_dag_v3_overlay.GenericDagV3OverlayTests.test_digest_mutation_between_calls_is_rejected_before_second_popen) ... ok
test_exact_host_evidence_lineage_and_manual_parent_boundaries (tests.test_generic_dag_v3_overlay.GenericDagV3OverlayTests.test_exact_host_evidence_lineage_and_manual_parent_boundaries) ... ok
test_final_stream_enumeration_mutation_is_caught_by_post_lstat (tests.test_generic_dag_v3_overlay.GenericDagV3OverlayTests.test_final_stream_enumeration_mutation_is_caught_by_post_lstat) ... ok
test_frozen_host_files_pointer_is_strict_and_resealed_substitutions_fail (tests.test_generic_dag_v3_overlay.GenericDagV3OverlayTests.test_frozen_host_files_pointer_is_strict_and_resealed_substitutions_fail) ... ok
test_frozen_host_tool_and_evidence_source_byte_mutations_are_rejected (tests.test_generic_dag_v3_overlay.GenericDagV3OverlayTests.test_frozen_host_tool_and_evidence_source_byte_mutations_are_rejected) ... ok
test_frozen_standard_v2_compiles_exact_null_command_rounds (tests.test_generic_dag_v3_overlay.GenericDagV3OverlayTests.test_frozen_standard_v2_compiles_exact_null_command_rounds) ... ok
test_git_boundary_binds_absolute_executable_digest_and_ignores_path (tests.test_generic_dag_v3_overlay.GenericDagV3OverlayTests.test_git_boundary_binds_absolute_executable_digest_and_ignores_path) ... ok
test_git_boundary_blocks_hostile_configs_and_local_worktree_redirect (tests.test_generic_dag_v3_overlay.GenericDagV3OverlayTests.test_git_boundary_blocks_hostile_configs_and_local_worktree_redirect) ... ok
test_git_boundary_rejects_case_insensitive_ambient_overrides (tests.test_generic_dag_v3_overlay.GenericDagV3OverlayTests.test_git_boundary_rejects_case_insensitive_ambient_overrides) ... ok
test_git_boundary_rejects_noncanonical_executable_path (tests.test_generic_dag_v3_overlay.GenericDagV3OverlayTests.test_git_boundary_rejects_noncanonical_executable_path) ... ok
test_git_boundary_rejects_on_disk_object_alternates (tests.test_generic_dag_v3_overlay.GenericDagV3OverlayTests.test_git_boundary_rejects_on_disk_object_alternates) ... ok
test_git_boundary_rejects_symlink_executable_path_when_supported (tests.test_generic_dag_v3_overlay.GenericDagV3OverlayTests.test_git_boundary_rejects_symlink_executable_path_when_supported) ... skipped "file symlinks are unavailable: [WinError 1314] A required privilege is not held by the client: 'C:\\\\Users\\\\beesp\\\\AppData\\\\Local\\\\Temp\\\\tmpsi1lup7p\\\\git.exe' -> 'C:\\\\Users\\\\beesp\\\\AppData\\\\Local\\\\Temp\\\\tmpsi1lup7p\\\\linked-git.exe'"
test_git_executable_continuity_keys_are_platform_scoped (tests.test_generic_dag_v3_overlay.GenericDagV3OverlayTests.test_git_executable_continuity_keys_are_platform_scoped) ... ok
test_git_executable_mutation_after_wait_is_rejected (tests.test_generic_dag_v3_overlay.GenericDagV3OverlayTests.test_git_executable_mutation_after_wait_is_rejected) ... ok
test_git_executable_mutation_before_popen_is_rejected_without_launch (tests.test_generic_dag_v3_overlay.GenericDagV3OverlayTests.test_git_executable_mutation_before_popen_is_rejected_without_launch) ... ok
test_git_executable_mutation_during_wait_is_rejected (tests.test_generic_dag_v3_overlay.GenericDagV3OverlayTests.test_git_executable_mutation_during_wait_is_rejected) ... ok
test_git_executable_mutation_in_popen_construction_is_rejected (tests.test_generic_dag_v3_overlay.GenericDagV3OverlayTests.test_git_executable_mutation_in_popen_construction_is_rejected) ... ok
test_git_output_overflow_timeout_and_non_utf8_fail_closed (tests.test_generic_dag_v3_overlay.GenericDagV3OverlayTests.test_git_output_overflow_timeout_and_non_utf8_fail_closed) ... ok
test_git_replace_hidden_worktree_and_mode_substitution_fail_closed (tests.test_generic_dag_v3_overlay.GenericDagV3OverlayTests.test_git_replace_hidden_worktree_and_mode_substitution_fail_closed) ... ok
test_gitattributes_payload_binding_and_every_required_rule_fail_closed (tests.test_generic_dag_v3_overlay.GenericDagV3OverlayTests.test_gitattributes_payload_binding_and_every_required_rule_fail_closed) ... ok
test_history_bundle_is_digest_pinned_complete_and_prerequisite_bound (tests.test_generic_dag_v3_overlay.GenericDagV3OverlayTests.test_history_bundle_is_digest_pinned_complete_and_prerequisite_bound) ... ok
test_history_bundle_supplies_required_objects_to_prerequisite_only_repository (tests.test_generic_dag_v3_overlay.GenericDagV3OverlayTests.test_history_bundle_supplies_required_objects_to_prerequisite_only_repository) ... ok
test_hostile_hooks_attributes_ignores_external_diff_and_textconv_never_execute (tests.test_generic_dag_v3_overlay.GenericDagV3OverlayTests.test_hostile_hooks_attributes_ignores_external_diff_and_textconv_never_execute) ... ok
test_invalid_v3_has_no_legacy_fallback_and_activation_attacks_are_explicit (tests.test_generic_dag_v3_overlay.GenericDagV3OverlayTests.test_invalid_v3_has_no_legacy_fallback_and_activation_attacks_are_explicit) ... ok
test_literal_powershell_recipes_check_every_python_last_exit_code (tests.test_generic_dag_v3_overlay.GenericDagV3OverlayTests.test_literal_powershell_recipes_check_every_python_last_exit_code) ... ok
test_manifest_digest_malformed_wrong_and_changed_bindings_are_rejected (tests.test_generic_dag_v3_overlay.GenericDagV3OverlayTests.test_manifest_digest_malformed_wrong_and_changed_bindings_are_rejected) ... ok
test_manifest_identity_snapshot_and_tool_substitution_fail_closed (tests.test_generic_dag_v3_overlay.GenericDagV3OverlayTests.test_manifest_identity_snapshot_and_tool_substitution_fail_closed) ... ok
test_materialization_is_repeatable_and_refuses_autopilot_destination (tests.test_generic_dag_v3_overlay.GenericDagV3OverlayTests.test_materialization_is_repeatable_and_refuses_autopilot_destination) ... ok
test_native_format_and_digest_mutations_are_detected_at_lifecycle_checks (tests.test_generic_dag_v3_overlay.GenericDagV3OverlayTests.test_native_format_and_digest_mutations_are_detected_at_lifecycle_checks) ... ok
test_native_image_parser_covers_pe_elf_macho_and_actual_host_git (tests.test_generic_dag_v3_overlay.GenericDagV3OverlayTests.test_native_image_parser_covers_pe_elf_macho_and_actual_host_git) ... ok
test_non_stage_zero_index_is_rejected (tests.test_generic_dag_v3_overlay.GenericDagV3OverlayTests.test_non_stage_zero_index_is_rejected) ... ok
test_outer_verify_detects_directory_hidden_and_system_attributes (tests.test_generic_dag_v3_overlay.GenericDagV3OverlayTests.test_outer_verify_detects_directory_hidden_and_system_attributes) ... ok
test_outer_verify_detects_hidden_and_system_attribute_mutation (tests.test_generic_dag_v3_overlay.GenericDagV3OverlayTests.test_outer_verify_detects_hidden_and_system_attribute_mutation) ... ok
test_outer_verify_detects_named_directory_stream_mutation (tests.test_generic_dag_v3_overlay.GenericDagV3OverlayTests.test_outer_verify_detects_named_directory_stream_mutation) ... ok
test_outer_verify_detects_named_stream_mutation (tests.test_generic_dag_v3_overlay.GenericDagV3OverlayTests.test_outer_verify_detects_named_stream_mutation) ... ok
test_outer_verify_finally_rechecks_digest_after_apparent_success (tests.test_generic_dag_v3_overlay.GenericDagV3OverlayTests.test_outer_verify_finally_rechecks_digest_after_apparent_success) ... ok
test_outer_verify_preserves_primary_and_serializes_cleanup_evidence (tests.test_generic_dag_v3_overlay.GenericDagV3OverlayTests.test_outer_verify_preserves_primary_and_serializes_cleanup_evidence) ... ok
test_path_and_retained_identity_mutations_are_rejected_before_popen (tests.test_generic_dag_v3_overlay.GenericDagV3OverlayTests.test_path_and_retained_identity_mutations_are_rejected_before_popen) ... ok
test_path_open_identity_rejects_optional_windows_attribute_mismatch (tests.test_generic_dag_v3_overlay.GenericDagV3OverlayTests.test_path_open_identity_rejects_optional_windows_attribute_mismatch) ... ok
test_plan_and_node_reseal_substitution_is_rejected (tests.test_generic_dag_v3_overlay.GenericDagV3OverlayTests.test_plan_and_node_reseal_substitution_is_rejected) ... ok
test_popen_uses_exact_executable_no_shell_and_minimal_child_environment (tests.test_generic_dag_v3_overlay.GenericDagV3OverlayTests.test_popen_uses_exact_executable_no_shell_and_minimal_child_environment) ... ok
test_predecessor_reports_are_present_and_exactly_digest_bound (tests.test_generic_dag_v3_overlay.GenericDagV3OverlayTests.test_predecessor_reports_are_present_and_exactly_digest_bound) ... ok
test_preexisting_file_and_directory_ads_are_rejected_initially (tests.test_generic_dag_v3_overlay.GenericDagV3OverlayTests.test_preexisting_file_and_directory_ads_are_rejected_initially) ... ok
test_r4_delta_bundle_reconstructs_the_frozen_successor_without_remote_refs (tests.test_generic_dag_v3_overlay.GenericDagV3OverlayTests.test_r4_delta_bundle_reconstructs_the_frozen_successor_without_remote_refs) ... ok
test_recovery_source_intake_is_closed_pinned_and_adversarially_bound (tests.test_generic_dag_v3_overlay.GenericDagV3OverlayTests.test_recovery_source_intake_is_closed_pinned_and_adversarially_bound) ... ok
test_script_wrapper_and_non_native_image_are_rejected_before_popen (tests.test_generic_dag_v3_overlay.GenericDagV3OverlayTests.test_script_wrapper_and_non_native_image_are_rejected_before_popen) ... ok
test_second_timeout_after_kill_is_a_typed_verification_failure (tests.test_generic_dag_v3_overlay.GenericDagV3OverlayTests.test_second_timeout_after_kill_is_a_typed_verification_failure) ... ok
test_shallow_copied_verifier_import_and_help_are_repository_independent (tests.test_generic_dag_v3_overlay.GenericDagV3OverlayTests.test_shallow_copied_verifier_import_and_help_are_repository_independent) ... ok
test_source_path_swap_collision_and_detached_binding_are_rejected (tests.test_generic_dag_v3_overlay.GenericDagV3OverlayTests.test_source_path_swap_collision_and_detached_binding_are_rejected) ... ok
test_source_substitution_is_rejected_before_materializer_execution (tests.test_generic_dag_v3_overlay.GenericDagV3OverlayTests.test_source_substitution_is_rejected_before_materializer_execution) ... ok
test_strict_json_rejects_duplicate_nonfinite_oversize_and_deep_manifest (tests.test_generic_dag_v3_overlay.GenericDagV3OverlayTests.test_strict_json_rejects_duplicate_nonfinite_oversize_and_deep_manifest) ... ok
test_v5_manifest_binds_predecessor_report_status_lineage_and_anti_downgrade (tests.test_generic_dag_v3_overlay.GenericDagV3OverlayTests.test_v5_manifest_binds_predecessor_report_status_lineage_and_anti_downgrade) ... ok
test_valid_overlay_verifies_without_mutating_historical_plan (tests.test_generic_dag_v3_overlay.GenericDagV3OverlayTests.test_valid_overlay_verifies_without_mutating_historical_plan) ... ok
test_valid_utf8_first_wait_timeout_is_typed_killed_and_reaped (tests.test_generic_dag_v3_overlay.GenericDagV3OverlayTests.test_valid_utf8_first_wait_timeout_is_typed_killed_and_reaped) ... ok
test_windows_ctime_drift_accepts_stable_bytes_and_rejects_changed_bytes_before_launch (tests.test_generic_dag_v3_overlay.GenericDagV3OverlayTests.test_windows_ctime_drift_accepts_stable_bytes_and_rejects_changed_bytes_before_launch) ... ok
test_windows_optional_metadata_and_named_stream_oracle (tests.test_generic_dag_v3_overlay.GenericDagV3OverlayTests.test_windows_optional_metadata_and_named_stream_oracle) ... ok
test_windows_stream_api_failures_and_cleanup_fail_closed (tests.test_generic_dag_v3_overlay.GenericDagV3OverlayTests.test_windows_stream_api_failures_and_cleanup_fail_closed) ... ok
test_windows_system_environment_api_failure_is_normalized (tests.test_generic_dag_v3_overlay.GenericDagV3OverlayTests.test_windows_system_environment_api_failure_is_normalized) ... ok
test_windows_unnamed_stream_size_inconsistency_is_rejected (tests.test_generic_dag_v3_overlay.GenericDagV3OverlayTests.test_windows_unnamed_stream_size_inconsistency_is_rejected) ... ok

----------------------------------------------------------------------
Ran 73 tests in 868.623s

OK (skipped=1)
