test_bounded_runner_drains_both_streams_and_preserves_nonzero_exit (tests.test_collect_v4_activation_evidence.CollectV4ActivationEvidenceTests.test_bounded_runner_drains_both_streams_and_preserves_nonzero_exit) ... ok
test_bounded_runner_timeout_kills_descendants_but_not_unrelated_process (tests.test_collect_v4_activation_evidence.CollectV4ActivationEvidenceTests.test_bounded_runner_timeout_kills_descendants_but_not_unrelated_process) ... ok
test_bounded_runner_tolerates_taskkill_stderr_after_owned_process_exits (tests.test_collect_v4_activation_evidence.CollectV4ActivationEvidenceTests.test_bounded_runner_tolerates_taskkill_stderr_after_owned_process_exits) ... ok
test_collector_attributes_a_module_process_timeout_with_partial_streams (tests.test_collect_v4_activation_evidence.CollectV4ActivationEvidenceTests.test_collector_attributes_a_module_process_timeout_with_partial_streams) ... ok
test_collector_records_bounded_focused_validation_timeout (tests.test_collect_v4_activation_evidence.CollectV4ActivationEvidenceTests.test_collector_records_bounded_focused_validation_timeout) ... ok
test_collector_requires_exactly_one_parent_from_the_candidate_object (tests.test_collect_v4_activation_evidence.CollectV4ActivationEvidenceTests.test_collector_requires_exactly_one_parent_from_the_candidate_object) ... ok
test_collector_writes_review_evidence_without_authorizing_activation (tests.test_collect_v4_activation_evidence.CollectV4ActivationEvidenceTests.test_collector_writes_review_evidence_without_authorizing_activation) ... ok
test_generated_bootstrap_diagnostics_preserve_module_completion (tests.test_collect_v4_activation_evidence.CollectV4ActivationEvidenceTests.test_generated_bootstrap_diagnostics_preserve_module_completion) ... FAIL
test_generated_bootstrap_rejects_diagnostic_thread_failure (tests.test_collect_v4_activation_evidence.CollectV4ActivationEvidenceTests.test_generated_bootstrap_rejects_diagnostic_thread_failure) ... ok
test_output_directory_rejects_relative_inside_equal_and_reparse_paths (tests.test_collect_v4_activation_evidence.CollectV4ActivationEvidenceTests.test_output_directory_rejects_relative_inside_equal_and_reparse_paths) ... ok
test_real_skipped_unittest_result_is_not_a_valid_terminal_receipt (tests.test_collect_v4_activation_evidence.CollectV4ActivationEvidenceTests.test_real_skipped_unittest_result_is_not_a_valid_terminal_receipt) ... ok
test_real_unraisable_resource_warning_invalidates_success_receipt (tests.test_collect_v4_activation_evidence.CollectV4ActivationEvidenceTests.test_real_unraisable_resource_warning_invalidates_success_receipt) ... ok
test_terminal_result_rejects_skips_and_every_adverse_outcome (tests.test_collect_v4_activation_evidence.CollectV4ActivationEvidenceTests.test_terminal_result_rejects_skips_and_every_adverse_outcome) ... ok
test_timeout_fixture_uses_pinned_candidate_under_a_merge_shaped_outer_head (tests.test_collect_v4_activation_evidence.CollectV4ActivationEvidenceTests.test_timeout_fixture_uses_pinned_candidate_under_a_merge_shaped_outer_head) ... ok

======================================================================
FAIL: test_generated_bootstrap_diagnostics_preserve_module_completion (tests.test_collect_v4_activation_evidence.CollectV4ActivationEvidenceTests.test_generated_bootstrap_diagnostics_preserve_module_completion)
----------------------------------------------------------------------
Traceback (most recent call last):
  File "C:\h\collector-merge1\tests\test_collect_v4_activation_evidence.py", line 604, in test_generated_bootstrap_diagnostics_preserve_module_completion
    self.assertTrue(terminal["valid"], terminal)
AssertionError: False is not true : {'marker_count': 1, 'tests_run': 23, 'expected_tests_run': 1, 'test_count_matches_expected': False, 'failures': 0, 'errors': 0, 'skipped': 0, 'expected_failures': 0, 'unexpected_successes': 0, 'resource_warning_stderr_occurrence_count': 0, 'unraisable_exception_stderr_occurrence_count': 0, 'successful': True, 'outcomes_clean': True, 'valid': False}

----------------------------------------------------------------------
Ran 14 tests in 60.540s

FAILED (failures=1)
